{"suite": "spatial_multi", "preset": "memory/smpd", "n": 5, "run_id": "golden", "git_sha": "241d2de20be057ae78e27b88b4e3e47967369dfd", "model": {"id": "models/tiny-gpt2", "chat_template_used": false}, "config_hash": "fc3e3fd6b235860e1bb1e85c550960fdf6e9145a965145517662c59c960d6958", "ablate": {}, "seed": 1337, "replay_cycles": 0, "gating_enabled": true, "mode": "test", "store_dir": null, "session_id": null, "persist": false, "memory_off": false, "dataset_profile": "default", "config": {"spatial": {"gate": {"enabled": true, "block_threshold": 1.0}}}}