{"version": 2, "phase": "test", "suite": "spatial_multi", "n": 5, "seed": 1337, "preset": "memory/smpd", "dataset_profile": "default", "metrics": {"spatial_multi": {"pre_em": 0.0, "pre_em_raw": 0.0, "pre_em_norm": 0.0, "pre_f1": 0.0, "pre_refusal_rate": 0.0, "oracle_em": null, "oracle_f1": null, "memory_hit_rate": 0.0, "latency_ms_delta": 0.1496962000601343, "pre_success_rate": 0.0, "pre_suboptimality_ratio": 0.0, "pre_steps_to_goal": 3.8, "context_match_rate": 0.0, "justification_coverage": 0.0, "gate_accept_rate": 0.4}, "compute": {"input_tokens": 185, "generated_tokens": 5, "total_tokens": 190, "time_ms_per_100": 14.018501052592718, "rss_mb": 678.3359375, "latency_ms_mean": 5.200194800090685}}, "diagnostics": {"spatial_multi": {"pre_overlong": 0, "pre_format_violation": 0}}, "retrieval": {"episodic": {"k": 0, "batch_size": 0, "requests": 0, "total_k": 0, "hits_at_k": 0, "hit_rate_at_k": 0.0, "tokens_returned": 0, "avg_latency_ms": 0.0}, "relational": {"k": 0, "batch_size": 0, "requests": 0, "total_k": 0, "hits_at_k": 0, "hit_rate_at_k": 0.0, "tokens_returned": 0, "avg_latency_ms": 0.0}, "spatial": {"k": 16, "batch_size": 1, "requests": 5, "total_k": 80, "hits_at_k": 0, "hit_rate_at_k": 0.0, "tokens_returned": 80, "avg_latency_ms": 0.1496962000601343}}, "gating": {"episodic": {"attempts": 0, "accepted": 0, "skipped": 0}, "relational": {"attempts": 0, "accepted": 0, "skipped": 0}, "spatial": {"attempts": 5, "accepted": 2, "skipped": 3}}, "replay": {"samples": 0}, "store": {"size": 0, "per_memory": {"spatial": 0}, "diagnostics": {"spatial": {"writes": 0}}}}