idx,prompt,answer,pred,normalized_pred,em_raw,em_norm,f1,oracle_em,oracle_f1,pred_len,gold_len,overlong,format_violation,latency_ms,memory_hit,retrieval_latency_ms,router_path,topk_keys,distance,justification,injected_context,positions,source,context_key,retrieval_requests,writes_count,store_size_before,store_size_after,context_match_rate,success,steps_pred,steps_opt,suboptimality,oracle_path,oracle_success,pred_matches_oracle,time_ms_per_100,rss_mb,flags,gating_enabled,retrieval.episodic.avg_latency_ms,retrieval.episodic.batch_size,retrieval.episodic.hit_rate_at_k,retrieval.episodic.hits_at_k,retrieval.episodic.k,retrieval.episodic.requests,retrieval.episodic.tokens_returned,retrieval.episodic.total_k,retrieval.relational.avg_latency_ms,retrieval.relational.batch_size,retrieval.relational.hit_rate_at_k,retrieval.relational.hits_at_k,retrieval.relational.k,retrieval.relational.requests,retrieval.relational.tokens_returned,retrieval.relational.total_k,retrieval.spatial.avg_latency_ms,retrieval.spatial.batch_size,retrieval.spatial.hit_rate_at_k,retrieval.spatial.hits_at_k,retrieval.spatial.k,retrieval.spatial.requests,retrieval.spatial.tokens_returned,retrieval.spatial.total_k,gating.episodic.accepted,gating.episodic.attempts,gating.episodic.skipped,gating.relational.accepted,gating.relational.attempts,gating.relational.skipped,gating.spatial.accepted,gating.spatial.attempts,gating.spatial.skipped
0,"Grid 6x6 with obstacles [(0, 4), (1, 5), (2, 2), (2, 5), (5, 4), (5, 5)]. Start (0, 3) goal (5, 1). Respond with moves using U, D, L, R only, no spaces (e.g., UDLR).",RRRRRUU,,,0,0,0.0,,,0,7,0,0,8.089383999958955,0,0.26563699975667987,['spatial'],,,,,,,050,1,0,0,0,0.0,False,0,7,0.0,,False,False,14.018501052592718,678.3359375,pre_replay,True,0.0,0,0.0,0,0,0,0,0,0.0,0,0.0,0,0,0,0,0,0.1496962000601343,1,0.0,0,16,5,80,80,0,0,0,0,0,0,2,5,3
1,"Grid 6x6 with obstacles [(0, 4), (1, 5), (2, 2), (2, 5), (5, 4), (5, 5)]. Start (1, 0) goal (3, 1). Respond with moves using U, D, L, R only, no spaces (e.g., UDLR).",RRD,,,0,0,0.0,,,0,3,0,0,4.893483000159904,0,0.11656600008791429,['spatial'],,,,,,,051,1,0,0,0,0.0,False,0,3,0.0,,False,False,14.018501052592718,678.3359375,pre_replay,True,0.0,0,0.0,0,0,0,0,0,0.0,0,0.0,0,0,0,0,0,0.1496962000601343,1,0.0,0,16,5,80,80,0,0,0,0,0,0,2,5,3
2,"Grid 6x6 with obstacles [(0, 4), (1, 5), (2, 2), (2, 5), (5, 4), (5, 5)]. Start (1, 3) goal (1, 4). Respond with moves using U, D, L, R only, no spaces (e.g., UDLR).",D,,,0,0,0.0,,,0,1,0,0,4.323988000123791,0,0.13148300013199332,['spatial'],,,,,,,052,1,0,0,0,0.0,False,0,1,0.0,,False,False,14.018501052592718,678.3359375,pre_replay,True,0.0,0,0.0,0,0,0,0,0,0.0,0,0.0,0,0,0,0,0,0.1496962000601343,1,0.0,0,16,5,80,80,0,0,0,0,0,0,2,5,3
3,"Grid 6x6 with obstacles [(0, 4), (1, 5), (2, 2), (2, 5), (5, 4), (5, 5)]. Start (0, 1) goal (4, 1). Respond with moves using U, D, L, R only, no spaces (e.g., UDLR).",RRRR,,,0,0,0.0,,,0,4,0,0,4.314432000228408,0,0.10562700026639504,['spatial'],,,,,,,053,1,0,0,0,0.0,False,0,4,0.0,,False,False,14.018501052592718,678.3359375,pre_replay,True,0.0,0,0.0,0,0,0,0,0,0.0,0,0.0,0,0,0,0,0,0.1496962000601343,1,0.0,0,16,5,80,80,0,0,0,0,0,0,2,5,3
4,"Grid 6x6 with obstacles [(0, 4), (1, 5), (2, 2), (2, 5), (5, 4), (5, 5)]. Start (3, 0) goal (3, 4). Respond with moves using U, D, L, R only, no spaces (e.g., UDLR).",DDDD,,,0,0,0.0,,,0,4,0,0,4.379686999982368,0,0.12916800005768891,['spatial'],,,,,,,054,1,0,0,0,0.0,False,0,4,0.0,,False,False,14.018501052592718,678.3359375,pre_replay,True,0.0,0,0.0,0,0,0,0,0,0.0,0,0.0,0,0,0,0,0,0.1496962000601343,1,0.0,0,16,5,80,80,0,0,0,0,0,0,2,5,3
