{"suite": "semantic_mem", "preset": "memory/sgc_rss", "n": 5, "run_id": "golden", "git_sha": "a37f9d7cb9b52918f7563f6d7ed1abeaadf81209", "model": {"id": "hippo/fake-tiny-gpt2", "chat_template_used": false}, "config_hash": "298fcf576d99b25fc963bc93b8a94c8420307817f1c325340f3c2b648930fed9", "ablate": {}, "seed": 1337, "replay_cycles": 0, "gating_enabled": true, "mode": "test", "store_dir": null, "session_id": null, "persist": false, "memory_off": false, "dataset_profile": "default", "config": {"relational": {"gate": {"enabled": true, "threshold": 0.6}}}}