{"version": 2, "phase": "test", "suite": "semantic_mem", "n": 5, "seed": 1337, "preset": "memory/sgc_rss", "dataset_profile": "default", "metrics": {"semantic_mem": {"pre_em": 0.0, "pre_em_raw": 0.0, "pre_em_norm": 0.0, "pre_f1": 0.0, "pre_refusal_rate": 0.0, "oracle_em": null, "oracle_f1": null, "memory_hit_rate": 0.0, "latency_ms_delta": 0.14648439992015483, "context_match_rate": 0.0, "justification_coverage": 0.0, "gate_accept_rate": 1.0}, "compute": {"input_tokens": 50, "generated_tokens": 5, "total_tokens": 55, "time_ms_per_100": 39.21885272657991, "rss_mb": 677.0703125, "latency_ms_mean": 4.199490399969363}}, "diagnostics": {"semantic_mem": {"pre_overlong": 0, "pre_format_violation": 0}}, "retrieval": {"episodic": {"k": 0, "batch_size": 0, "requests": 0, "total_k": 0, "hits_at_k": 0, "hit_rate_at_k": 0.0, "tokens_returned": 0, "avg_latency_ms": 0.0}, "relational": {"k": 1, "batch_size": 1, "requests": 5, "total_k": 5, "hits_at_k": 0, "hit_rate_at_k": 0.0, "tokens_returned": 5, "avg_latency_ms": 0.14648439992015483}, "spatial": {"k": 0, "batch_size": 0, "requests": 0, "total_k": 0, "hits_at_k": 0, "hit_rate_at_k": 0.0, "tokens_returned": 0, "avg_latency_ms": 0.0}}, "gating": {"episodic": {"attempts": 0, "accepted": 0, "skipped": 0}, "relational": {"attempts": 5, "accepted": 5, "skipped": 0}, "spatial": {"attempts": 0, "accepted": 0, "skipped": 0}}, "replay": {"samples": 0}, "store": {"size": 0, "per_memory": {"relational": 0}, "diagnostics": {"relational": {"nodes_added": 0, "edges_added": 0, "coref_merges": 0}}}}