idx,prompt,answer,pred,normalized_pred,em_raw,em_norm,f1,oracle_em,oracle_f1,pred_len,gold_len,overlong,format_violation,latency_ms,memory_hit,retrieval_latency_ms,router_path,topk_keys,distance,justification,injected_context,positions,source,context_key,retrieval_requests,writes_count,store_size_before,store_size_after,context_match_rate,success,steps_pred,steps_opt,suboptimality,oracle_path,oracle_success,pred_matches_oracle,time_ms_per_100,rss_mb,flags,gating_enabled,retrieval.episodic.avg_latency_ms,retrieval.episodic.batch_size,retrieval.episodic.hit_rate_at_k,retrieval.episodic.hits_at_k,retrieval.episodic.k,retrieval.episodic.requests,retrieval.episodic.tokens_returned,retrieval.episodic.total_k,retrieval.relational.avg_latency_ms,retrieval.relational.batch_size,retrieval.relational.hit_rate_at_k,retrieval.relational.hits_at_k,retrieval.relational.k,retrieval.relational.requests,retrieval.relational.tokens_returned,retrieval.relational.total_k,retrieval.spatial.avg_latency_ms,retrieval.spatial.batch_size,retrieval.spatial.hit_rate_at_k,retrieval.spatial.hits_at_k,retrieval.spatial.k,retrieval.spatial.requests,retrieval.spatial.tokens_returned,retrieval.spatial.total_k,gating.episodic.accepted,gating.episodic.attempts,gating.episodic.skipped,gating.relational.accepted,gating.relational.attempts,gating.relational.skipped,gating.spatial.accepted,gating.spatial.attempts,gating.spatial.skipped
0,In which city did Carol buy the apple?,Berlin,,,0,0,0.0,,,0,1,0,0,5.638533999899664,0,0.2402199997959542,['relational'],,,,,,,semantic_mem/00001,1,0,0,0,0.0,,,,,,,,39.21885272657991,677.0703125,pre_replay,True,0.0,0,0.0,0,0,0,0,0,0.14648439992015483,1,0.0,0,1,5,5,5,0.0,0,0.0,0,0,0,0,0,0,0,0,5,5,0,0,0,0
1,In which city did Dave buy the apple?,Rome,,,0,0,0.0,,,0,1,0,0,3.617538000071363,0,0.13337099971977295,['relational'],,,,,,,semantic_mem/00002,1,0,0,0,0.0,,,,,,,,39.21885272657991,677.0703125,pre_replay,True,0.0,0,0.0,0,0,0,0,0,0.14648439992015483,1,0.0,0,1,5,5,5,0.0,0,0.0,0,0,0,0,0,0,0,0,5,5,0,0,0,0
2,In which city did Alice buy the ball?,Berlin,,,0,0,0.0,,,0,1,0,0,3.957070000069507,0,0.10963300019284361,['relational'],,,,,,,semantic_mem/00003,1,0,0,0,0.0,,,,,,,,39.21885272657991,677.0703125,pre_replay,True,0.0,0,0.0,0,0,0,0,0,0.14648439992015483,1,0.0,0,1,5,5,5,0.0,0,0.0,0,0,0,0,0,0,0,0,5,5,0,0,0,0
3,In which city did Carol buy the book?,London,,,0,0,0.0,,,0,1,0,0,3.6913209996782825,0,0.13075300012133084,['relational'],,,,,,,semantic_mem/00004,1,0,0,0,0.0,,,,,,,,39.21885272657991,677.0703125,pre_replay,True,0.0,0,0.0,0,0,0,0,0,0.14648439992015483,1,0.0,0,1,5,5,5,0.0,0,0.0,0,0,0,0,0,0,0,0,5,5,0,0,0,0
4,In which city did Dave buy the ball?,Paris,,,0,0,0.0,,,0,1,0,0,4.092989000128,0,0.11844499977087253,['relational'],,,,,,,semantic_mem/00005,1,0,0,0,0.0,,,,,,,,39.21885272657991,677.0703125,pre_replay,True,0.0,0,0.0,0,0,0,0,0,0.14648439992015483,1,0.0,0,1,5,5,5,0.0,0,0.0,0,0,0,0,0,0,0,0,5,5,0,0,0,0
