{"suite": "episodic_cross_mem", "preset": "memory/hei_nw", "n": 5, "run_id": "golden", "git_sha": "a37f9d7cb9b52918f7563f6d7ed1abeaadf81209", "model": {"id": "hippo/fake-tiny-gpt2", "chat_template_used": false}, "config_hash": "6a765836a6c27c41346c6f900cabeefaeaed106227f158a223118d308831952e", "ablate": {}, "seed": 1337, "replay_cycles": 0, "gating_enabled": true, "mode": "test", "store_dir": null, "session_id": null, "persist": false, "memory_off": false, "dataset_profile": "default", "config": {"episodic": {"gate": {"enabled": true, "tau": 0.5}}}}