{"version": 2, "phase": "test", "suite": "episodic_cross_mem", "n": 5, "seed": 1337, "preset": "memory/hei_nw", "dataset_profile": "default", "metrics": {"episodic_cross_mem": {"pre_em": 0.0, "pre_em_raw": 0.0, "pre_em_norm": 0.0, "pre_f1": 0.0, "pre_refusal_rate": 0.0, "oracle_em": null, "oracle_f1": null, "memory_hit_rate": 0.0, "latency_ms_delta": 0.35387139996601036, "context_match_rate": 0.0, "justification_coverage": 0.0, "gate_accept_rate": 1.0}, "compute": {"input_tokens": 60, "generated_tokens": 160, "total_tokens": 220, "time_ms_per_100": 148.11374318180077, "rss_mb": 694.76171875, "latency_ms_mean": 65.00009740011592}}, "diagnostics": {"episodic_cross_mem": {"pre_overlong": 5, "pre_format_violation": 0}}, "retrieval": {"episodic": {"k": 1, "batch_size": 1, "requests": 5, "total_k": 5, "hits_at_k": 0, "hit_rate_at_k": 0.0, "tokens_returned": 5, "avg_latency_ms": 0.35387139996601036}, "relational": {"k": 0, "batch_size": 0, "requests": 0, "total_k": 0, "hits_at_k": 0, "hit_rate_at_k": 0.0, "tokens_returned": 0, "avg_latency_ms": 0.0}, "spatial": {"k": 0, "batch_size": 0, "requests": 0, "total_k": 0, "hits_at_k": 0, "hit_rate_at_k": 0.0, "tokens_returned": 0, "avg_latency_ms": 0.0}}, "gating": {"episodic": {"attempts": 5, "accepted": 5, "skipped": 0}, "relational": {"attempts": 0, "accepted": 0, "skipped": 0}, "spatial": {"attempts": 0, "accepted": 0, "skipped": 0}}, "replay": {"samples": 0}, "store": {"size": 0, "per_memory": {"episodic": 0}, "diagnostics": {}}}