idx,prompt,answer,pred,normalized_pred,em_raw,em_norm,f1,oracle_em,oracle_f1,pred_len,gold_len,overlong,format_violation,latency_ms,memory_hit,retrieval_latency_ms,router_path,topk_keys,distance,justification,injected_context,positions,source,context_key,retrieval_requests,writes_count,store_size_before,store_size_after,context_match_rate,success,steps_pred,steps_opt,suboptimality,oracle_path,oracle_success,pred_matches_oracle,time_ms_per_100,rss_mb,flags,gating_enabled,retrieval.episodic.avg_latency_ms,retrieval.episodic.batch_size,retrieval.episodic.hit_rate_at_k,retrieval.episodic.hits_at_k,retrieval.episodic.k,retrieval.episodic.requests,retrieval.episodic.tokens_returned,retrieval.episodic.total_k,retrieval.relational.avg_latency_ms,retrieval.relational.batch_size,retrieval.relational.hit_rate_at_k,retrieval.relational.hits_at_k,retrieval.relational.k,retrieval.relational.requests,retrieval.relational.tokens_returned,retrieval.relational.total_k,retrieval.spatial.avg_latency_ms,retrieval.spatial.batch_size,retrieval.spatial.hit_rate_at_k,retrieval.spatial.hits_at_k,retrieval.spatial.k,retrieval.spatial.requests,retrieval.spatial.tokens_returned,retrieval.spatial.total_k,gating.episodic.accepted,gating.episodic.attempts,gating.episodic.skipped,gating.relational.accepted,gating.relational.attempts,gating.relational.skipped,gating.spatial.accepted,gating.spatial.attempts,gating.spatial.skipped
0,Where did Carol go? Answer with the location name only.,Library,factors factors factors factors factors factors factors factors factors factors factors factors factors factors factors factors factors factors factors factors factors factors factors factors factors factors factors factors factors factors factors factors,factors factors factors factors factors factors factors factors factors factors factors factors factors factors factors factors factors factors factors factors factors factors factors factors factors factors factors factors factors factors factors factors,0,0,0.0,,,32,1,1,0,66.70903999929578,0,1.0000339998441632,['episodic'],[[]],,,,,,episodic_cross_mem/00001,1,0,0,0,0.0,,,,,,,,148.11374318180077,694.76171875,pre_replay,True,0.35387139996601036,1,0.0,0,1,5,5,5,0.0,0,0.0,0,0,0,0,0,0.0,0,0.0,0,0,0,0,0,5,5,0,0,0,0,0,0,0
1,Where did Carol go? Answer with the location name only.,Park,factors factors factors factors factors factors factors factors factors factors factors factors factors factors factors factors factors factors factors factors factors factors factors factors factors factors factors factors factors factors factors factors,factors factors factors factors factors factors factors factors factors factors factors factors factors factors factors factors factors factors factors factors factors factors factors factors factors factors factors factors factors factors factors factors,0,0,0.0,,,32,1,1,0,61.05606200071634,0,0.18291600008524256,['episodic'],[[]],,,,,,episodic_cross_mem/00002,1,0,0,0,0.0,,,,,,,,148.11374318180077,694.76171875,pre_replay,True,0.35387139996601036,1,0.0,0,1,5,5,5,0.0,0,0.0,0,0,0,0,0,0.0,0,0.0,0,0,0,0,0,5,5,0,0,0,0,0,0,0
2,Where did Carol go? Answer with the location name only.,Cafe,factors factors factors factors factors factors factors factors factors factors factors factors factors factors factors factors factors factors factors factors factors factors factors factors factors factors factors factors factors factors factors factors,factors factors factors factors factors factors factors factors factors factors factors factors factors factors factors factors factors factors factors factors factors factors factors factors factors factors factors factors factors factors factors factors,0,0,0.0,,,32,1,1,0,69.47415600006934,0,0.18900299983215518,['episodic'],[[]],,,,,,episodic_cross_mem/00003,1,0,0,0,0.0,,,,,,,,148.11374318180077,694.76171875,pre_replay,True,0.35387139996601036,1,0.0,0,1,5,5,5,0.0,0,0.0,0,0,0,0,0,0.0,0,0.0,0,0,0,0,0,5,5,0,0,0,0,0,0,0
3,Where did Alice go? Answer with the location name only.,Park,factors factors factors factors factors factors factors factors factors factors factors factors factors factors factors factors factors factors factors factors factors factors factors factors factors factors factors factors factors factors factors factors,factors factors factors factors factors factors factors factors factors factors factors factors factors factors factors factors factors factors factors factors factors factors factors factors factors factors factors factors factors factors factors factors,0,0,0.0,,,32,1,1,0,50.980285000150616,0,0.19202600014978088,['episodic'],[[]],,,,,,episodic_cross_mem/00004,1,0,0,0,0.0,,,,,,,,148.11374318180077,694.76171875,pre_replay,True,0.35387139996601036,1,0.0,0,1,5,5,5,0.0,0,0.0,0,0,0,0,0,0.0,0,0.0,0,0,0,0,0,5,5,0,0,0,0,0,0,0
4,Where did Carol go? Answer with the location name only.,Cafe,factors factors factors factors factors factors factors factors factors factors factors factors factors factors factors factors factors factors factors factors factors factors factors factors factors factors factors factors factors factors factors factors,factors factors factors factors factors factors factors factors factors factors factors factors factors factors factors factors factors factors factors factors factors factors factors factors factors factors factors factors factors factors factors factors,0,0,0.0,,,32,1,1,0,76.78094400034752,0,0.20537799991870997,['episodic'],[[]],,,,,,episodic_cross_mem/00005,1,0,0,0,0.0,,,,,,,,148.11374318180077,694.76171875,pre_replay,True,0.35387139996601036,1,0.0,0,1,5,5,5,0.0,0,0.0,0,0,0,0,0,0.0,0,0.0,0,0,0,0,0,5,5,0,0,0,0,0,0,0
